[0m16:11:20.480265 [debug] [MainThread]: Sending event: {'category': 'dbt', 'action': 'invocation', 'label': 'start', 'context': [<snowplow_tracker.self_describing_json.SelfDescribingJson object at 0x10ab06f90>, <snowplow_tracker.self_describing_json.SelfDescribingJson object at 0x10bfb7610>, <snowplow_tracker.self_describing_json.SelfDescribingJson object at 0x10bfb74d0>]}


============================== 16:11:20.529866 | ef1a3609-1105-479c-8a35-3ace47589bf1 ==============================
[0m16:11:20.529866 [info ] [MainThread]: Running with dbt=1.12.4
[0m16:11:20.530553 [debug] [MainThread]: running dbt with arguments {'static_parser': 'True', 'profiles_dir': '/Users/christophercunningham/.dbt', 'warn_error': 'None', 'cache_selected_only': 'False', 'log_format': 'default', 'use_colors': 'True', 'indirect_selection': 'eager', 'send_anonymous_usage_stats': 'True', 'write_json': 'True', 'use_experimental_parser': 'False', 'log_path': 'logs', 'introspect': 'True', 'printer_width': '80', 'quiet': 'False', 'target_path': 'None', 'debug': 'False', 'partial_parse': 'True', 'version_check': 'True', 'no_print': 'None', 'hints_enabled': 'True', 'fail_fast': 'False', 'log_cache_events': 'False', 'empty': 'None', 'warn_error_options': 'WarnErrorOptionsV2(error=[], warn=[], silence=[])', 'invocation_command': 'dbt debug', 'maximum_seed_size_mib': '1'}
[0m16:11:20.607206 [info ] [MainThread]: dbt version: 1.12.4
[0m16:11:20.607623 [info ] [MainThread]: python version: 3.13.1
[0m16:11:20.607966 [info ] [MainThread]: python path: /Users/christophercunningham/repos/easyhl7/.venv/bin/python
[0m16:11:20.608310 [info ] [MainThread]: os info: macOS-14.7.1-x86_64-i386-64bit-Mach-O
[0m16:11:23.638698 [info ] [MainThread]: Using profiles dir at /Users/christophercunningham/.dbt
[0m16:11:23.639060 [info ] [MainThread]: Using profiles.yml file at /Users/christophercunningham/.dbt/profiles.yml
[0m16:11:23.639409 [info ] [MainThread]: Using dbt_project.yml file at /Users/christophercunningham/repos/easyhl7/dbt_project.yml
[0m16:11:23.640600 [info ] [MainThread]: adapter type: postgres
[0m16:11:23.640936 [info ] [MainThread]: adapter version: 1.11.0
[0m16:11:23.641443 [info ] [MainThread]: Configuration:
[0m16:11:23.641718 [info ] [MainThread]:   profiles.yml file [[32mOK found and valid[0m]
[0m16:11:23.641991 [info ] [MainThread]:   dbt_project.yml file [[31mERROR not found[0m]
[0m16:11:23.642341 [info ] [MainThread]: Required dependencies:
[0m16:11:23.642722 [debug] [MainThread]: Executing "git --help"
[0m16:11:23.662484 [debug] [MainThread]: STDOUT: "b"usage: git [--version] [--help] [-C <path>] [-c <name>=<value>]\n           [--exec-path[=<path>]] [--html-path] [--man-path] [--info-path]\n           [-p | --paginate | -P | --no-pager] [--no-replace-objects] [--bare]\n           [--git-dir=<path>] [--work-tree=<path>] [--namespace=<name>]\n           <command> [<args>]\n\nThese are common Git commands used in various situations:\n\nstart a working area (see also: git help tutorial)\n   clone     Clone a repository into a new directory\n   init      Create an empty Git repository or reinitialize an existing one\n\nwork on the current change (see also: git help everyday)\n   add       Add file contents to the index\n   mv        Move or rename a file, a directory, or a symlink\n   restore   Restore working tree files\n   rm        Remove files from the working tree and from the index\n\nexamine the history and state (see also: git help revisions)\n   bisect    Use binary search to find the commit that introduced a bug\n   diff      Show changes between commits, commit and working tree, etc\n   grep      Print lines matching a pattern\n   log       Show commit logs\n   show      Show various types of objects\n   status    Show the working tree status\n\ngrow, mark and tweak your common history\n   branch    List, create, or delete branches\n   commit    Record changes to the repository\n   merge     Join two or more development histories together\n   rebase    Reapply commits on top of another base tip\n   reset     Reset current HEAD to the specified state\n   switch    Switch branches\n   tag       Create, list, delete or verify a tag object signed with GPG\n\ncollaborate (see also: git help workflows)\n   fetch     Download objects and refs from another repository\n   pull      Fetch from and integrate with another repository or a local branch\n   push      Update remote refs along with associated objects\n\n'git help -a' and 'git help -g' list available subcommands and some\nconcept guides. See 'git help <command>' or 'git help <concept>'\nto read about a specific subcommand or concept.\nSee 'git help git' for an overview of the system.\n""
[0m16:11:23.663330 [debug] [MainThread]: STDERR: "b''"
[0m16:11:23.663808 [info ] [MainThread]:  - git [[32mOK found[0m]

[0m16:11:23.664284 [info ] [MainThread]: Connection:
[0m16:11:23.664900 [info ] [MainThread]:   host: localhost
[0m16:11:23.665272 [info ] [MainThread]:   port: 5432
[0m16:11:23.665607 [info ] [MainThread]:   user: dbt
[0m16:11:23.665931 [info ] [MainThread]:   database: easyhl7
[0m16:11:23.666255 [info ] [MainThread]:   schema: public
[0m16:11:23.666582 [info ] [MainThread]:   connect_timeout: 10
[0m16:11:23.666906 [info ] [MainThread]:   role: None
[0m16:11:23.667232 [info ] [MainThread]:   search_path: None
[0m16:11:23.667577 [info ] [MainThread]:   keepalives_idle: 0
[0m16:11:23.667893 [info ] [MainThread]:   sslmode: None
[0m16:11:23.668204 [info ] [MainThread]:   sslcert: None
[0m16:11:23.668517 [info ] [MainThread]:   sslkey: None
[0m16:11:23.668828 [info ] [MainThread]:   sslrootcert: None
[0m16:11:23.669145 [info ] [MainThread]:   application_name: dbt
[0m16:11:23.669461 [info ] [MainThread]:   autocommit: False
[0m16:11:23.669797 [info ] [MainThread]:   retries: 1
[0m16:11:23.670504 [info ] [MainThread]: Registered adapter: postgres=1.11.0
[0m16:11:23.771883 [debug] [MainThread]: Acquiring new postgres connection 'debug'
[0m16:11:23.860235 [debug] [MainThread]: Using postgres connection "debug"
[0m16:11:23.860653 [debug] [MainThread]: On debug: select 1 as id
[0m16:11:23.860992 [debug] [MainThread]: Opening a new connection, currently in state init
[0m16:11:23.914265 [debug] [MainThread]: SQL status: SELECT 1 in 0.053 seconds
[0m16:11:23.915317 [debug] [MainThread]: On debug: Close
[0m16:11:23.915703 [info ] [MainThread]:   Connection test: [[32mOK connection ok[0m]

[0m16:11:23.916055 [info ] [MainThread]: [31m1 check failed:[0m
[0m16:11:23.916363 [info ] [MainThread]: Project loading failed for the following reason:
 project path </Users/christophercunningham/repos/easyhl7/dbt_project.yml> not found

[0m16:11:23.921290 [debug] [MainThread]: Resource report: {"command_name": "debug", "command_success": false, "command_wall_clock_time": 3.5484748, "process_in_blocks": "0", "process_kernel_time": 0.889907, "process_mem_max_rss": "165625856", "process_out_blocks": "0", "process_user_time": 3.891736}
[0m16:11:23.921969 [debug] [MainThread]: Command `dbt debug` failed at 16:11:23.921858 after 3.55 seconds
[0m16:11:23.922361 [debug] [MainThread]: Connection 'debug' was properly closed.
[0m16:11:23.922723 [debug] [MainThread]: Sending event: {'category': 'dbt', 'action': 'invocation', 'label': 'end', 'context': [<snowplow_tracker.self_describing_json.SelfDescribingJson object at 0x10c6e4510>, <snowplow_tracker.self_describing_json.SelfDescribingJson object at 0x10c7604d0>, <snowplow_tracker.self_describing_json.SelfDescribingJson object at 0x10c372690>]}
[0m16:11:23.923151 [debug] [MainThread]: Flushing usage events
[0m16:11:24.282880 [debug] [MainThread]: An error was encountered while trying to flush usage events
[0m16:11:41.740125 [debug] [MainThread]: Sending event: {'category': 'dbt', 'action': 'invocation', 'label': 'start', 'context': [<snowplow_tracker.self_describing_json.SelfDescribingJson object at 0x113092270>, <snowplow_tracker.self_describing_json.SelfDescribingJson object at 0x1146b3610>, <snowplow_tracker.self_describing_json.SelfDescribingJson object at 0x1146b39d0>]}


============================== 16:11:41.744815 | 3beb40c8-3882-469e-a85c-48d933e19aeb ==============================
[0m16:11:41.744815 [info ] [MainThread]: Running with dbt=1.12.4
[0m16:11:41.745473 [debug] [MainThread]: running dbt with arguments {'target_path': 'None', 'maximum_seed_size_mib': '1', 'log_cache_events': 'False', 'printer_width': '80', 'profiles_dir': '/Users/christophercunningham/.dbt', 'version_check': 'True', 'write_json': 'True', 'quiet': 'False', 'warn_error_options': 'WarnErrorOptionsV2(error=[], warn=[], silence=[])', 'indirect_selection': 'eager', 'use_experimental_parser': 'False', 'log_path': 'logs', 'static_parser': 'True', 'invocation_command': 'dbt init', 'partial_parse': 'True', 'fail_fast': 'False', 'cache_selected_only': 'False', 'hints_enabled': 'True', 'no_print': 'None', 'introspect': 'True', 'log_format': 'default', 'send_anonymous_usage_stats': 'True', 'debug': 'False', 'warn_error': 'None', 'use_colors': 'True', 'empty': 'None'}
[0m16:13:03.042340 [error] [MainThread]: [[31mERROR[0m]: Encountered an error:

[0m16:13:03.046056 [error] [MainThread]: Traceback (most recent call last):
  File "/Users/christophercunningham/repos/easyhl7/.venv/lib/python3.13/site-packages/dbt/cli/requires.py", line 198, in wrapper
    result, success = func(*args, **kwargs)
                      ~~~~^^^^^^^^^^^^^^^^^
  File "/Users/christophercunningham/repos/easyhl7/.venv/lib/python3.13/site-packages/dbt/cli/requires.py", line 144, in wrapper
    return func(*args, **kwargs)
  File "/Users/christophercunningham/repos/easyhl7/.venv/lib/python3.13/site-packages/dbt/cli/main.py", line 504, in init
    results = task.run()
  File "/Users/christophercunningham/repos/easyhl7/.venv/lib/python3.13/site-packages/dbt/task/init.py", line 340, in run
    project_name = self.get_valid_project_name()
  File "/Users/christophercunningham/repos/easyhl7/.venv/lib/python3.13/site-packages/dbt/task/init.py", line 281, in get_valid_project_name
    name = click.prompt("Enter a name for your project (letters, digits, underscore)")
  File "/Users/christophercunningham/repos/easyhl7/.venv/lib/python3.13/site-packages/click/termui.py", line 262, in prompt
    value = prompt_func(prompt)
  File "/Users/christophercunningham/repos/easyhl7/.venv/lib/python3.13/site-packages/click/termui.py", line 245, in prompt_func
    raise Abort() from None
click.exceptions.Abort

[0m16:13:03.047989 [debug] [MainThread]: Resource report: {"command_name": "init", "command_success": false, "command_wall_clock_time": 81.39754, "process_in_blocks": "0", "process_kernel_time": 0.166928, "process_mem_max_rss": "111394816", "process_out_blocks": "0", "process_user_time": 1.42371}
[0m16:13:03.048735 [debug] [MainThread]: Command `dbt init` failed at 16:13:03.048576 after 81.40 seconds
[0m16:13:03.049247 [debug] [MainThread]: Sending event: {'category': 'dbt', 'action': 'invocation', 'label': 'end', 'context': [<snowplow_tracker.self_describing_json.SelfDescribingJson object at 0x1147496e0>, <snowplow_tracker.self_describing_json.SelfDescribingJson object at 0x1147a3650>, <snowplow_tracker.self_describing_json.SelfDescribingJson object at 0x1147609e0>]}
[0m16:13:03.049769 [debug] [MainThread]: Flushing usage events
[0m16:13:03.999370 [debug] [MainThread]: An error was encountered while trying to flush usage events
[0m16:14:37.520997 [debug] [MainThread]: Sending event: {'category': 'dbt', 'action': 'invocation', 'label': 'start', 'context': [<snowplow_tracker.self_describing_json.SelfDescribingJson object at 0x1045f2270>, <snowplow_tracker.self_describing_json.SelfDescribingJson object at 0x105c0f610>, <snowplow_tracker.self_describing_json.SelfDescribingJson object at 0x105c0f9d0>]}


============================== 16:14:37.527487 | 0f42e0b0-0c19-441b-ac83-b1ca8febeb1e ==============================
[0m16:14:37.527487 [info ] [MainThread]: Running with dbt=1.12.4
[0m16:14:37.528270 [debug] [MainThread]: running dbt with arguments {'target_path': 'None', 'debug': 'False', 'cache_selected_only': 'False', 'fail_fast': 'False', 'warn_error_options': 'WarnErrorOptionsV2(error=[], warn=[], silence=[])', 'invocation_command': 'dbt debug', 'log_cache_events': 'False', 'write_json': 'True', 'use_colors': 'True', 'indirect_selection': 'eager', 'introspect': 'True', 'log_path': '/Users/christophercunningham/repos/easyhl7/logs', 'partial_parse': 'True', 'use_experimental_parser': 'False', 'no_print': 'None', 'log_format': 'default', 'send_anonymous_usage_stats': 'True', 'printer_width': '80', 'warn_error': 'None', 'quiet': 'False', 'maximum_seed_size_mib': '1', 'profiles_dir': '/Users/christophercunningham/.dbt', 'empty': 'None', 'static_parser': 'True', 'hints_enabled': 'True', 'version_check': 'True'}
[0m16:14:37.549734 [info ] [MainThread]: dbt version: 1.12.4
[0m16:14:37.550207 [info ] [MainThread]: python version: 3.13.1
[0m16:14:37.550550 [info ] [MainThread]: python path: /Users/christophercunningham/repos/easyhl7/.venv/bin/python
[0m16:14:37.550878 [info ] [MainThread]: os info: macOS-14.7.1-x86_64-i386-64bit-Mach-O
[0m16:14:37.640653 [info ] [MainThread]: Using profiles dir at /Users/christophercunningham/.dbt
[0m16:14:37.641040 [info ] [MainThread]: Using profiles.yml file at /Users/christophercunningham/.dbt/profiles.yml
[0m16:14:37.641352 [info ] [MainThread]: Using dbt_project.yml file at /Users/christophercunningham/repos/easyhl7/dbt_project.yml
[0m16:14:37.642062 [info ] [MainThread]: adapter type: postgres
[0m16:14:37.642411 [info ] [MainThread]: adapter version: 1.11.0
[0m16:14:37.751283 [info ] [MainThread]: Configuration:
[0m16:14:37.751746 [info ] [MainThread]:   profiles.yml file [[32mOK found and valid[0m]
[0m16:14:37.752025 [info ] [MainThread]:   dbt_project.yml file [[32mOK found and valid[0m]
[0m16:14:37.752366 [info ] [MainThread]: Required dependencies:
[0m16:14:37.752757 [debug] [MainThread]: Executing "git --help"
[0m16:14:37.771625 [debug] [MainThread]: STDOUT: "b"usage: git [--version] [--help] [-C <path>] [-c <name>=<value>]\n           [--exec-path[=<path>]] [--html-path] [--man-path] [--info-path]\n           [-p | --paginate | -P | --no-pager] [--no-replace-objects] [--bare]\n           [--git-dir=<path>] [--work-tree=<path>] [--namespace=<name>]\n           <command> [<args>]\n\nThese are common Git commands used in various situations:\n\nstart a working area (see also: git help tutorial)\n   clone     Clone a repository into a new directory\n   init      Create an empty Git repository or reinitialize an existing one\n\nwork on the current change (see also: git help everyday)\n   add       Add file contents to the index\n   mv        Move or rename a file, a directory, or a symlink\n   restore   Restore working tree files\n   rm        Remove files from the working tree and from the index\n\nexamine the history and state (see also: git help revisions)\n   bisect    Use binary search to find the commit that introduced a bug\n   diff      Show changes between commits, commit and working tree, etc\n   grep      Print lines matching a pattern\n   log       Show commit logs\n   show      Show various types of objects\n   status    Show the working tree status\n\ngrow, mark and tweak your common history\n   branch    List, create, or delete branches\n   commit    Record changes to the repository\n   merge     Join two or more development histories together\n   rebase    Reapply commits on top of another base tip\n   reset     Reset current HEAD to the specified state\n   switch    Switch branches\n   tag       Create, list, delete or verify a tag object signed with GPG\n\ncollaborate (see also: git help workflows)\n   fetch     Download objects and refs from another repository\n   pull      Fetch from and integrate with another repository or a local branch\n   push      Update remote refs along with associated objects\n\n'git help -a' and 'git help -g' list available subcommands and some\nconcept guides. See 'git help <command>' or 'git help <concept>'\nto read about a specific subcommand or concept.\nSee 'git help git' for an overview of the system.\n""
[0m16:14:37.772528 [debug] [MainThread]: STDERR: "b''"
[0m16:14:37.772915 [info ] [MainThread]:  - git [[32mOK found[0m]

[0m16:14:37.773360 [info ] [MainThread]: Connection:
[0m16:14:37.773758 [info ] [MainThread]:   host: localhost
[0m16:14:37.774103 [info ] [MainThread]:   port: 5432
[0m16:14:37.774445 [info ] [MainThread]:   user: dbt
[0m16:14:37.774801 [info ] [MainThread]:   database: easyhl7
[0m16:14:37.775191 [info ] [MainThread]:   schema: public
[0m16:14:37.775604 [info ] [MainThread]:   connect_timeout: 10
[0m16:14:37.775948 [info ] [MainThread]:   role: None
[0m16:14:37.776283 [info ] [MainThread]:   search_path: None
[0m16:14:37.776620 [info ] [MainThread]:   keepalives_idle: 0
[0m16:14:37.776953 [info ] [MainThread]:   sslmode: None
[0m16:14:37.777287 [info ] [MainThread]:   sslcert: None
[0m16:14:37.777618 [info ] [MainThread]:   sslkey: None
[0m16:14:37.777949 [info ] [MainThread]:   sslrootcert: None
[0m16:14:37.778280 [info ] [MainThread]:   application_name: dbt
[0m16:14:37.778615 [info ] [MainThread]:   autocommit: False
[0m16:14:37.778946 [info ] [MainThread]:   retries: 1
[0m16:14:37.779685 [info ] [MainThread]: Registered adapter: postgres=1.11.0
[0m16:14:37.881538 [debug] [MainThread]: Acquiring new postgres connection 'debug'
[0m16:14:37.934143 [debug] [MainThread]: Using postgres connection "debug"
[0m16:14:37.934584 [debug] [MainThread]: On debug: select 1 as id
[0m16:14:37.934929 [debug] [MainThread]: Opening a new connection, currently in state init
[0m16:14:37.978949 [debug] [MainThread]: SQL status: SELECT 1 in 0.044 seconds
[0m16:14:37.979928 [debug] [MainThread]: On debug: Close
[0m16:14:37.980277 [info ] [MainThread]:   Connection test: [[32mOK connection ok[0m]

[0m16:14:37.980693 [info ] [MainThread]: [32mAll checks passed![0m
[0m16:14:37.983151 [debug] [MainThread]: Resource report: {"command_name": "debug", "command_success": true, "command_wall_clock_time": 0.5665662, "process_in_blocks": "0", "process_kernel_time": 0.373861, "process_mem_max_rss": "124456960", "process_out_blocks": "0", "process_user_time": 1.899865}
[0m16:14:37.983666 [debug] [MainThread]: Command `dbt debug` succeeded at 16:14:37.983555 after 0.57 seconds
[0m16:14:37.984000 [debug] [MainThread]: Connection 'debug' was properly closed.
[0m16:14:37.984360 [debug] [MainThread]: Sending event: {'category': 'dbt', 'action': 'invocation', 'label': 'end', 'context': [<snowplow_tracker.self_describing_json.SelfDescribingJson object at 0x1061f0640>, <snowplow_tracker.self_describing_json.SelfDescribingJson object at 0x1062cf0b0>, <snowplow_tracker.self_describing_json.SelfDescribingJson object at 0x10622acf0>]}
[0m16:14:37.984795 [debug] [MainThread]: Flushing usage events
[0m16:14:38.363570 [debug] [MainThread]: An error was encountered while trying to flush usage events
[0m16:29:03.094476 [debug] [MainThread]: Sending event: {'category': 'dbt', 'action': 'invocation', 'label': 'start', 'context': [<snowplow_tracker.self_describing_json.SelfDescribingJson object at 0x1128da270>, <snowplow_tracker.self_describing_json.SelfDescribingJson object at 0x113f4b4d0>, <snowplow_tracker.self_describing_json.SelfDescribingJson object at 0x113f4b890>]}


============================== 16:29:03.100864 | 6f0a1568-8c36-40cf-aeeb-f6e7f154f4a9 ==============================
[0m16:29:03.100864 [info ] [MainThread]: Running with dbt=1.12.4
[0m16:29:03.101587 [debug] [MainThread]: running dbt with arguments {'no_print': 'None', 'fail_fast': 'False', 'log_path': '/Users/christophercunningham/repos/easyhl7/logs', 'use_colors': 'True', 'use_experimental_parser': 'False', 'warn_error': 'None', 'log_format': 'default', 'indirect_selection': 'eager', 'hints_enabled': 'True', 'debug': 'False', 'maximum_seed_size_mib': '1', 'quiet': 'False', 'introspect': 'True', 'partial_parse': 'True', 'version_check': 'True', 'target_path': 'None', 'warn_error_options': 'WarnErrorOptionsV2(error=[], warn=[], silence=[])', 'send_anonymous_usage_stats': 'True', 'write_json': 'True', 'static_parser': 'True', 'log_cache_events': 'False', 'profiles_dir': '/Users/christophercunningham/.dbt', 'printer_width': '80', 'empty': 'False', 'cache_selected_only': 'False', 'invocation_command': 'dbt seed'}
[0m16:29:03.304513 [debug] [MainThread]: Sending event: {'category': 'dbt', 'action': 'project_id', 'label': '6f0a1568-8c36-40cf-aeeb-f6e7f154f4a9', 'context': [<snowplow_tracker.self_describing_json.SelfDescribingJson object at 0x112dfde00>]}
[0m16:29:03.374639 [debug] [MainThread]: Sending event: {'category': 'dbt', 'action': 'adapter_info', 'label': '6f0a1568-8c36-40cf-aeeb-f6e7f154f4a9', 'context': [<snowplow_tracker.self_describing_json.SelfDescribingJson object at 0x1127bee00>]}
[0m16:29:03.376061 [info ] [MainThread]: Registered adapter: postgres=1.11.0
[0m16:29:03.484733 [debug] [MainThread]: checksum: d34b237cce2f34d87747573c4336caafee4021595df25ac2af1adfbd18a4157d, vars: {}, profile: easyhl7, target: dev, version: 1.12.4
[0m16:29:03.485731 [info ] [MainThread]: Unable to do partial parsing because saved manifest not found. Starting full parse.
[0m16:29:03.486159 [debug] [MainThread]: Sending event: {'category': 'dbt', 'action': 'partial_parser', 'label': '6f0a1568-8c36-40cf-aeeb-f6e7f154f4a9', 'context': [<snowplow_tracker.self_describing_json.SelfDescribingJson object at 0x114624550>]}
[0m16:29:04.475575 [debug] [MainThread]: Sending event: {'category': 'dbt', 'action': 'load_project', 'label': '6f0a1568-8c36-40cf-aeeb-f6e7f154f4a9', 'context': [<snowplow_tracker.self_describing_json.SelfDescribingJson object at 0x111c27d40>]}
[0m16:29:04.537265 [debug] [MainThread]: Wrote artifact WritableManifest to /Users/christophercunningham/repos/easyhl7/target/manifest.json
[0m16:29:04.540792 [debug] [MainThread]: Wrote artifact SemanticManifest to /Users/christophercunningham/repos/easyhl7/target/semantic_manifest.json
[0m16:29:04.601078 [debug] [MainThread]: Wrote artifact OsiDocument to /Users/christophercunningham/repos/easyhl7/target/osi_document.json
[0m16:29:04.639489 [debug] [MainThread]: Sending event: {'category': 'dbt', 'action': 'resource_counts', 'label': '6f0a1568-8c36-40cf-aeeb-f6e7f154f4a9', 'context': [<snowplow_tracker.self_describing_json.SelfDescribingJson object at 0x11502acf0>]}
[0m16:29:04.640021 [info ] [MainThread]: Found 1 seed, 477 macros
[0m16:29:04.640432 [debug] [MainThread]: Sending event: {'category': 'dbt', 'action': 'runnable_timing', 'label': '6f0a1568-8c36-40cf-aeeb-f6e7f154f4a9', 'context': [<snowplow_tracker.self_describing_json.SelfDescribingJson object at 0x114d769c0>]}
[0m16:29:04.642386 [info ] [MainThread]: 
[0m16:29:04.642762 [info ] [MainThread]: Concurrency: 4 threads (target='dev')
[0m16:29:04.643092 [info ] [MainThread]: 
[0m16:29:04.643625 [debug] [MainThread]: Acquiring new postgres connection 'master'
[0m16:29:04.644450 [debug] [ThreadPool]: Acquiring new postgres connection 'list_easyhl7'
[0m16:29:04.698329 [debug] [ThreadPool]: Using postgres connection "list_easyhl7"
[0m16:29:04.698685 [debug] [ThreadPool]: On list_easyhl7: /* {"app": "dbt", "dbt_version": "1.12.4", "profile_name": "easyhl7", "target_name": "dev", "connection_name": "list_easyhl7"} */

    select distinct nspname from pg_namespace
  
[0m16:29:04.698968 [debug] [ThreadPool]: Opening a new connection, currently in state init
[0m16:29:04.731746 [debug] [ThreadPool]: SQL status: SELECT 4 in 0.033 seconds
[0m16:29:04.733517 [debug] [ThreadPool]: On list_easyhl7: Close
[0m16:29:04.736022 [debug] [ThreadPool]: Re-using an available connection from the pool (formerly list_easyhl7, now list_easyhl7_public)
[0m16:29:04.741253 [debug] [ThreadPool]: Using postgres connection "list_easyhl7_public"
[0m16:29:04.741645 [debug] [ThreadPool]: On list_easyhl7_public: /* {"app": "dbt", "dbt_version": "1.12.4", "profile_name": "easyhl7", "target_name": "dev", "connection_name": "list_easyhl7_public"} */
select
      'easyhl7' as database,
      tablename as name,
      schemaname as schema,
      'table' as type
    from pg_tables
    where schemaname ilike 'public'
    union all
    select
      'easyhl7' as database,
      viewname as name,
      schemaname as schema,
      'view' as type
    from pg_views
    where schemaname ilike 'public'
    union all
    select
      'easyhl7' as database,
      matviewname as name,
      schemaname as schema,
      'materialized_view' as type
    from pg_matviews
    where schemaname ilike 'public'
    union all
    select distinct
     'easyhl7' as database,
     proname as name,
     ns.nspname as schema,
     'function' as type
    from pg_proc
     join pg_namespace as ns on pronamespace = ns.oid
    where ns.nspname ilike 'public'
  
[0m16:29:04.742030 [debug] [ThreadPool]: Opening a new connection, currently in state closed
[0m16:29:04.758372 [debug] [ThreadPool]: SQL status: SELECT 0 in 0.016 seconds
[0m16:29:04.759530 [debug] [ThreadPool]: On list_easyhl7_public: ROLLBACK
[0m16:29:04.760630 [debug] [ThreadPool]: On list_easyhl7_public: Close
[0m16:29:04.765092 [debug] [MainThread]: Using postgres connection "master"
[0m16:29:04.765582 [debug] [MainThread]: On master: /* {"app": "dbt", "dbt_version": "1.12.4", "profile_name": "easyhl7", "target_name": "dev", "connection_name": "master"} */
select distinct
        dependent_namespace.nspname as dependent_schema,
        dependent_class.relname as dependent_name,
        referenced_namespace.nspname as referenced_schema,
        referenced_class.relname as referenced_name

    -- Query for views: views are entries in pg_class with an entry in pg_rewrite, but we avoid
    -- a seq scan on pg_rewrite by leveraging the fact there is an "internal" row in pg_depend for
    -- the view...
    from pg_class as dependent_class
    join pg_namespace as dependent_namespace on dependent_namespace.oid = dependent_class.relnamespace
    join pg_depend as dependent_depend on dependent_depend.refobjid = dependent_class.oid
        and dependent_depend.classid = 'pg_rewrite'::regclass
        and dependent_depend.refclassid = 'pg_class'::regclass
        and dependent_depend.deptype = 'i'

    -- ... and via pg_depend (that has a row per column, hence the need for "distinct" above, and
    -- making sure to exclude the internal row to avoid a view appearing to depend on itself)...
    join pg_depend as joining_depend on joining_depend.objid = dependent_depend.objid
        and joining_depend.classid = 'pg_rewrite'::regclass
        and joining_depend.refclassid = 'pg_class'::regclass
        and joining_depend.refobjid != dependent_depend.refobjid

    -- ... we can find the tables they query from in pg_class, but excluding system tables. Note we
    -- don't need need to exclude _dependent_ system tables, because they only query from other
    -- system tables, and so are automatically excluded by excluding _referenced_ system tables
    join pg_class as referenced_class on referenced_class.oid = joining_depend.refobjid
    join pg_namespace as referenced_namespace on referenced_namespace.oid = referenced_class.relnamespace
        and referenced_namespace.nspname != 'information_schema'
        and referenced_namespace.nspname not like 'pg\_%'

    order by
        dependent_schema, dependent_name, referenced_schema, referenced_name;
[0m16:29:04.765989 [debug] [MainThread]: Opening a new connection, currently in state init
[0m16:29:04.782973 [debug] [MainThread]: SQL status: SELECT 0 in 0.017 seconds
[0m16:29:04.784358 [debug] [MainThread]: Sending event: {'category': 'dbt', 'action': 'runnable_timing', 'label': '6f0a1568-8c36-40cf-aeeb-f6e7f154f4a9', 'context': [<snowplow_tracker.self_describing_json.SelfDescribingJson object at 0x11501eb10>]}
[0m16:29:04.784828 [debug] [MainThread]: On master: ROLLBACK
[0m16:29:04.785661 [debug] [MainThread]: On master: COMMIT
[0m16:29:04.786099 [debug] [MainThread]: Using postgres connection "master"
[0m16:29:04.786386 [debug] [MainThread]: On master: COMMIT
[0m16:29:04.787617 [debug] [MainThread]: SQL status: COMMIT in 0.001 seconds
[0m16:29:04.787966 [debug] [MainThread]: On master: Close
[0m16:29:04.794285 [debug] [Thread-1 (]: Began running node seed.easyhl7.oru_r01
[0m16:29:04.795183 [info ] [Thread-1 (]: 1 of 1 START seed file public.oru_r01 .......................................... [RUN]
[0m16:29:04.796074 [debug] [Thread-1 (]: Re-using an available connection from the pool (formerly list_easyhl7_public, now seed.easyhl7.oru_r01)
[0m16:29:04.796608 [debug] [Thread-1 (]: Began compiling node seed.easyhl7.oru_r01
[0m16:29:04.797029 [debug] [Thread-1 (]: Began executing node seed.easyhl7.oru_r01
[0m16:29:04.824453 [debug] [Thread-1 (]: Using postgres connection "seed.easyhl7.oru_r01"
[0m16:29:04.824842 [debug] [Thread-1 (]: On seed.easyhl7.oru_r01: /* {"app": "dbt", "dbt_version": "1.12.4", "profile_name": "easyhl7", "target_name": "dev", "node_id": "seed.easyhl7.oru_r01"} */

    create table "easyhl7"."public"."oru_r01" ("message" text)
  
[0m16:29:04.825281 [debug] [Thread-1 (]: Opening a new connection, currently in state closed
[0m16:29:04.839594 [debug] [Thread-1 (]: SQL status: CREATE TABLE in 0.014 seconds
[0m16:29:04.854176 [debug] [Thread-1 (]: Using postgres connection "seed.easyhl7.oru_r01"
[0m16:29:04.854566 [debug] [Thread-1 (]: On seed.easyhl7.oru_r01: 
          insert into "easyhl7"."public"."oru_r01" ("message") values
          (%s)
      ...
[0m16:29:04.856392 [debug] [Thread-1 (]: SQL status: INSERT 0 1 in 0.001 seconds
[0m16:29:04.861966 [debug] [Thread-1 (]: Writing runtime SQL for node "seed.easyhl7.oru_r01"
[0m16:29:04.883517 [debug] [Thread-1 (]: On seed.easyhl7.oru_r01: COMMIT
[0m16:29:04.883886 [debug] [Thread-1 (]: Using postgres connection "seed.easyhl7.oru_r01"
[0m16:29:04.884221 [debug] [Thread-1 (]: On seed.easyhl7.oru_r01: COMMIT
[0m16:29:04.885973 [debug] [Thread-1 (]: SQL status: COMMIT in 0.001 seconds
[0m16:29:04.887721 [debug] [Thread-1 (]: On seed.easyhl7.oru_r01: Close
[0m16:29:04.890210 [debug] [Thread-1 (]: Sending event: {'category': 'dbt', 'action': 'run_model', 'label': '6f0a1568-8c36-40cf-aeeb-f6e7f154f4a9', 'context': [<snowplow_tracker.self_describing_json.SelfDescribingJson object at 0x115279230>]}
[0m16:29:04.890816 [info ] [Thread-1 (]: 1 of 1 OK loaded seed file public.oru_r01 ...................................... [[32mINSERT 1[0m in 0.09s]
[0m16:29:04.891419 [debug] [Thread-1 (]: Finished running node seed.easyhl7.oru_r01
[0m16:29:04.892669 [debug] [MainThread]: On master: COMMIT
[0m16:29:04.892983 [debug] [MainThread]: Using postgres connection "master"
[0m16:29:04.893270 [debug] [MainThread]: On master: COMMIT
[0m16:29:04.893547 [debug] [MainThread]: Opening a new connection, currently in state closed
[0m16:29:04.908376 [debug] [MainThread]: SQL status: COMMIT in 0.015 seconds
[0m16:29:04.908774 [debug] [MainThread]: On master: Close
[0m16:29:04.909268 [debug] [MainThread]: Connection 'master' was properly closed.
[0m16:29:04.909555 [debug] [MainThread]: Connection 'seed.easyhl7.oru_r01' was properly closed.
[0m16:29:04.910173 [info ] [MainThread]: 
[0m16:29:04.910639 [info ] [MainThread]: Finished running 1 seed in 0 hours 0 minutes and 0.27 seconds (0.27s).
[0m16:29:04.911445 [debug] [MainThread]: Command end result
[0m16:29:04.942604 [debug] [MainThread]: Wrote artifact WritableManifest to /Users/christophercunningham/repos/easyhl7/target/manifest.json
[0m16:29:04.945463 [debug] [MainThread]: Wrote artifact SemanticManifest to /Users/christophercunningham/repos/easyhl7/target/semantic_manifest.json
[0m16:29:04.947773 [debug] [MainThread]: Wrote artifact OsiDocument to /Users/christophercunningham/repos/easyhl7/target/osi_document.json
[0m16:29:04.954943 [debug] [MainThread]: Wrote artifact RunExecutionResult to /Users/christophercunningham/repos/easyhl7/target/run_results.json
[0m16:29:04.955242 [info ] [MainThread]: 
[0m16:29:04.955601 [info ] [MainThread]: [32mCompleted successfully[0m
[0m16:29:04.955891 [info ] [MainThread]: 
[0m16:29:04.956207 [info ] [MainThread]: Done. PASS=1 WARN=0 ERROR=0 SKIP=0 NO-OP=0 REUSED=0 TOTAL=1
[0m16:29:04.957882 [debug] [MainThread]: Resource report: {"command_name": "seed", "command_success": true, "command_wall_clock_time": 1.96992, "process_in_blocks": "0", "process_kernel_time": 0.361067, "process_mem_max_rss": "135450624", "process_out_blocks": "0", "process_user_time": 3.101349}
[0m16:29:04.958462 [debug] [MainThread]: Command `dbt seed` succeeded at 16:29:04.958259 after 1.97 seconds
[0m16:29:04.958855 [debug] [MainThread]: Sending event: {'category': 'dbt', 'action': 'invocation', 'label': 'end', 'context': [<snowplow_tracker.self_describing_json.SelfDescribingJson object at 0x114fc5ef0>, <snowplow_tracker.self_describing_json.SelfDescribingJson object at 0x114ffbe30>, <snowplow_tracker.self_describing_json.SelfDescribingJson object at 0x115061b50>]}
[0m16:29:04.959210 [debug] [MainThread]: Flushing usage events
[0m16:29:05.699007 [debug] [MainThread]: An error was encountered while trying to flush usage events
[0m13:37:05.462828 [debug] [MainThread]: Sending event: {'category': 'dbt', 'action': 'invocation', 'label': 'start', 'context': [<snowplow_tracker.self_describing_json.SelfDescribingJson object at 0x10928a270>, <snowplow_tracker.self_describing_json.SelfDescribingJson object at 0x10a8f34d0>, <snowplow_tracker.self_describing_json.SelfDescribingJson object at 0x10a8f3890>]}


============================== 13:37:05.469546 | d99c52e3-c6a6-4001-a224-4d27f34a7597 ==============================
[0m13:37:05.469546 [info ] [MainThread]: Running with dbt=1.12.4
[0m13:37:05.470325 [debug] [MainThread]: running dbt with arguments {'invocation_command': 'dbt seed -s orm_o01_sample__v2_1', 'hints_enabled': 'True', 'no_print': 'None', 'indirect_selection': 'eager', 'printer_width': '80', 'fail_fast': 'False', 'use_colors': 'True', 'use_experimental_parser': 'False', 'static_parser': 'True', 'quiet': 'False', 'profiles_dir': '/Users/christophercunningham/.dbt', 'partial_parse': 'True', 'cache_selected_only': 'False', 'introspect': 'True', 'version_check': 'True', 'debug': 'False', 'log_path': '/Users/christophercunningham/repos/easyhl7/logs', 'maximum_seed_size_mib': '1', 'empty': 'False', 'log_format': 'default', 'warn_error_options': 'WarnErrorOptionsV2(error=[], warn=[], silence=[])', 'target_path': 'None', 'warn_error': 'None', 'log_cache_events': 'False', 'send_anonymous_usage_stats': 'True', 'write_json': 'True'}
[0m13:37:05.718951 [debug] [MainThread]: Sending event: {'category': 'dbt', 'action': 'project_id', 'label': 'd99c52e3-c6a6-4001-a224-4d27f34a7597', 'context': [<snowplow_tracker.self_describing_json.SelfDescribingJson object at 0x1097ade00>]}
[0m13:37:05.789453 [debug] [MainThread]: Sending event: {'category': 'dbt', 'action': 'adapter_info', 'label': 'd99c52e3-c6a6-4001-a224-4d27f34a7597', 'context': [<snowplow_tracker.self_describing_json.SelfDescribingJson object at 0x10916ee00>]}
[0m13:37:05.790743 [info ] [MainThread]: Registered adapter: postgres=1.11.0
[0m13:37:05.905367 [debug] [MainThread]: checksum: 896b4d31473bf08623247a703f8e981c1dae1e33a697e74fdbf5e46ce9c9a815, vars: {}, profile: easyhl7, target: v2_1, version: 1.12.4
[0m13:37:06.054666 [info ] [MainThread]: Unable to do partial parsing because config vars, config profile, or config target have changed
[0m13:37:06.055220 [debug] [MainThread]: previous checksum: 896b4d31473bf08623247a703f8e981c1dae1e33a697e74fdbf5e46ce9c9a815, current checksum: d34b237cce2f34d87747573c4336caafee4021595df25ac2af1adfbd18a4157d
[0m13:37:06.055620 [info ] [MainThread]: Unable to do partial parsing because profile has changed
[0m13:37:06.056089 [debug] [MainThread]: Sending event: {'category': 'dbt', 'action': 'partial_parser', 'label': 'd99c52e3-c6a6-4001-a224-4d27f34a7597', 'context': [<snowplow_tracker.self_describing_json.SelfDescribingJson object at 0x10b938150>]}
[0m13:37:06.884671 [debug] [MainThread]: Sending event: {'category': 'dbt', 'action': 'load_project', 'label': 'd99c52e3-c6a6-4001-a224-4d27f34a7597', 'context': [<snowplow_tracker.self_describing_json.SelfDescribingJson object at 0x10a9935c0>]}
[0m13:37:06.932735 [debug] [MainThread]: Wrote artifact WritableManifest to /Users/christophercunningham/repos/easyhl7/target/manifest.json
[0m13:37:06.937763 [debug] [MainThread]: Wrote artifact SemanticManifest to /Users/christophercunningham/repos/easyhl7/target/semantic_manifest.json
[0m13:37:06.971303 [debug] [MainThread]: Wrote artifact OsiDocument to /Users/christophercunningham/repos/easyhl7/target/osi_document.json
[0m13:37:06.987324 [debug] [MainThread]: Sending event: {'category': 'dbt', 'action': 'resource_counts', 'label': 'd99c52e3-c6a6-4001-a224-4d27f34a7597', 'context': [<snowplow_tracker.self_describing_json.SelfDescribingJson object at 0x10b7fea50>]}
[0m13:37:06.987817 [info ] [MainThread]: Found 490 macros
[0m13:37:06.988195 [debug] [MainThread]: Sending event: {'category': 'dbt', 'action': 'runnable_timing', 'label': 'd99c52e3-c6a6-4001-a224-4d27f34a7597', 'context': [<snowplow_tracker.self_describing_json.SelfDescribingJson object at 0x10b739710>]}
[0m13:37:06.988771 [warn ] [MainThread]: [[33mWARNING[0m]: The selection criterion 'orm_o01_sample__v2_1' does not match any enabled nodes
[0m13:37:06.990173 [warn ] [MainThread]: [[33mWARNING[0m]: Nothing to do. Try checking your model configs and model specification args
[0m13:37:06.990772 [debug] [MainThread]: Command end result
[0m13:37:07.024740 [debug] [MainThread]: Wrote artifact WritableManifest to /Users/christophercunningham/repos/easyhl7/target/manifest.json
[0m13:37:07.027481 [debug] [MainThread]: Wrote artifact SemanticManifest to /Users/christophercunningham/repos/easyhl7/target/semantic_manifest.json
[0m13:37:07.030176 [debug] [MainThread]: Wrote artifact OsiDocument to /Users/christophercunningham/repos/easyhl7/target/osi_document.json
[0m13:37:07.033837 [debug] [MainThread]: Wrote artifact RunExecutionResult to /Users/christophercunningham/repos/easyhl7/target/run_results.json
[0m13:37:07.034166 [info ] [MainThread]: 
[0m13:37:07.034587 [info ] [MainThread]: [32mCompleted successfully[0m
[0m13:37:07.034928 [info ] [MainThread]: 
[0m13:37:07.035354 [info ] [MainThread]: Done. PASS=0 WARN=0 ERROR=0 SKIP=0 NO-OP=0 REUSED=0 TOTAL=0
[0m13:37:07.038311 [debug] [MainThread]: Resource report: {"command_name": "seed", "command_success": true, "command_wall_clock_time": 1.6847142, "process_in_blocks": "0", "process_kernel_time": 0.455591, "process_mem_max_rss": "124080128", "process_out_blocks": "0", "process_user_time": 3.039566}
[0m13:37:07.038932 [debug] [MainThread]: Command `dbt seed` succeeded at 13:37:07.038802 after 1.69 seconds
[0m13:37:07.039373 [debug] [MainThread]: Sending event: {'category': 'dbt', 'action': 'invocation', 'label': 'end', 'context': [<snowplow_tracker.self_describing_json.SelfDescribingJson object at 0x10a5db650>, <snowplow_tracker.self_describing_json.SelfDescribingJson object at 0x10b843e30>, <snowplow_tracker.self_describing_json.SelfDescribingJson object at 0x10b814050>]}
[0m13:37:07.039798 [debug] [MainThread]: Flushing usage events
[0m13:37:07.335169 [debug] [MainThread]: An error was encountered while trying to flush usage events
